1788068962.013 {"frames":94,"pixels":720,"duration_ms":8100,"avg_interval_ms":87.10,"beats":0,"hash":"0x23b8ee876a18e5a5"}
1788068962.022 output: DDP 192.168.2.162:4048 (pixel-native)
1788068962.022 origem: 0.0.0.0:0 (a tabela de rotas escolhe)
1788068970.492 {"pass":1,"played":94,"failed":0,"duration_ms":8100,"hash":"0x23b8ee876a18e5a5"}
1788068979.193 {"pass":2,"played":94,"failed":0,"duration_ms":8100,"hash":"0x23b8ee876a18e5a5"}
1788068987.862 {"pass":3,"played":94,"failed":0,"duration_ms":8100,"hash":"0x23b8ee876a18e5a5"}
1788068996.693 {"pass":4,"played":94,"failed":0,"duration_ms":8100,"hash":"0x23b8ee876a18e5a5"}
1788069005.218 {"pass":5,"played":94,"failed":0,"duration_ms":8100,"hash":"0x23b8ee876a18e5a5"}
1788069013.944 {"pass":6,"played":94,"failed":0,"duration_ms":8100,"hash":"0x23b8ee876a18e5a5"}
1788069022.730 {"pass":7,"played":94,"failed":0,"duration_ms":8100,"hash":"0x23b8ee876a18e5a5"}
1788069031.439 {"pass":8,"played":94,"failed":0,"duration_ms":8100,"hash":"0x23b8ee876a18e5a5"}
1788069040.187 {"pass":9,"played":94,"failed":0,"duration_ms":8100,"hash":"0x23b8ee876a18e5a5"}
1788069048.957 {"pass":10,"played":94,"failed":0,"duration_ms":8100,"hash":"0x23b8ee876a18e5a5"}
1788069057.544 {"pass":11,"played":94,"failed":0,"duration_ms":8100,"hash":"0x23b8ee876a18e5a5"}
1788069066.253 {"pass":12,"played":94,"failed":0,"duration_ms":8100,"hash":"0x23b8ee876a18e5a5"}
1788069074.861 {"pass":13,"played":94,"failed":0,"duration_ms":8100,"hash":"0x23b8ee876a18e5a5"}
1788069083.249 {"pass":14,"played":94,"failed":0,"duration_ms":8100,"hash":"0x23b8ee876a18e5a5"}
1788069091.617 {"pass":15,"played":94,"failed":0,"duration_ms":8100,"hash":"0x23b8ee876a18e5a5"}
1788069100.023 {"pass":16,"played":94,"failed":0,"duration_ms":8100,"hash":"0x23b8ee876a18e5a5"}
1788069108.389 {"pass":17,"played":94,"failed":0,"duration_ms":8100,"hash":"0x23b8ee876a18e5a5"}
1788069116.877 {"pass":18,"played":94,"failed":0,"duration_ms":8100,"hash":"0x23b8ee876a18e5a5"}
1788069125.265 {"pass":19,"played":94,"failed":0,"duration_ms":8100,"hash":"0x23b8ee876a18e5a5"}
1788069133.694 {"pass":20,"played":94,"failed":0,"duration_ms":8100,"hash":"0x23b8ee876a18e5a5"}
1788069142.128 {"pass":21,"played":94,"failed":0,"duration_ms":8100,"hash":"0x23b8ee876a18e5a5"}
1788069150.475 {"pass":22,"played":94,"failed":0,"duration_ms":8100,"hash":"0x23b8ee876a18e5a5"}
1788069158.991 {"pass":23,"played":94,"failed":0,"duration_ms":8100,"hash":"0x23b8ee876a18e5a5"}
1788069167.625 {"pass":24,"played":94,"failed":0,"duration_ms":8100,"hash":"0x23b8ee876a18e5a5"}
1788069176.782 {"pass":25,"played":94,"failed":0,"duration_ms":8100,"hash":"0x23b8ee876a18e5a5"}
1788069185.522 {"pass":26,"played":94,"failed":0,"duration_ms":8100,"hash":"0x23b8ee876a18e5a5"}
1788069194.117 {"pass":27,"played":94,"failed":0,"duration_ms":8100,"hash":"0x23b8ee876a18e5a5"}
1788069202.645 {"pass":28,"played":94,"failed":0,"duration_ms":8100,"hash":"0x23b8ee876a18e5a5"}
1788069211.105 {"pass":29,"played":94,"failed":0,"duration_ms":8100,"hash":"0x23b8ee876a18e5a5"}
1788069219.460 {"pass":30,"played":94,"failed":0,"duration_ms":8100,"hash":"0x23b8ee876a18e5a5"}
1788069227.851 {"pass":31,"played":94,"failed":0,"duration_ms":8100,"hash":"0x23b8ee876a18e5a5"}
1788069236.316 {"pass":32,"played":94,"failed":0,"duration_ms":8100,"hash":"0x23b8ee876a18e5a5"}
1788069244.724 {"pass":33,"played":94,"failed":0,"duration_ms":8100,"hash":"0x23b8ee876a18e5a5"}
1788069253.215 {"pass":34,"played":94,"failed":0,"duration_ms":8100,"hash":"0x23b8ee876a18e5a5"}
1788069261.623 {"pass":35,"played":94,"failed":0,"duration_ms":8100,"hash":"0x23b8ee876a18e5a5"}
1788069269.980 {"pass":36,"played":94,"failed":0,"duration_ms":8100,"hash":"0x23b8ee876a18e5a5"}
1788069278.323 {"pass":37,"played":94,"failed":0,"duration_ms":8100,"hash":"0x23b8ee876a18e5a5"}
1788069286.661 {"pass":38,"played":94,"failed":0,"duration_ms":8100,"hash":"0x23b8ee876a18e5a5"}
1788069295.015 {"pass":39,"played":94,"failed":0,"duration_ms":8100,"hash":"0x23b8ee876a18e5a5"}
1788069303.360 {"pass":40,"played":94,"failed":0,"duration_ms":8100,"hash":"0x23b8ee876a18e5a5"}
1788069311.700 {"pass":41,"played":94,"failed":0,"duration_ms":8100,"hash":"0x23b8ee876a18e5a5"}
1788069320.031 {"pass":42,"played":94,"failed":0,"duration_ms":8100,"hash":"0x23b8ee876a18e5a5"}
1788069328.354 {"pass":43,"played":94,"failed":0,"duration_ms":8100,"hash":"0x23b8ee876a18e5a5"}
1788069336.692 {"pass":44,"played":94,"failed":0,"duration_ms":8100,"hash":"0x23b8ee876a18e5a5"}
1788069345.050 {"pass":45,"played":94,"failed":0,"duration_ms":8100,"hash":"0x23b8ee876a18e5a5"}
1788069353.481 {"pass":46,"played":94,"failed":0,"duration_ms":8100,"hash":"0x23b8ee876a18e5a5"}
1788069361.820 {"pass":47,"played":94,"failed":0,"duration_ms":8100,"hash":"0x23b8ee876a18e5a5"}
1788069370.389 {"pass":48,"played":94,"failed":0,"duration_ms":8100,"hash":"0x23b8ee876a18e5a5"}
1788069378.735 {"pass":49,"played":94,"failed":0,"duration_ms":8100,"hash":"0x23b8ee876a18e5a5"}
1788069387.116 {"pass":50,"played":94,"failed":0,"duration_ms":8100,"hash":"0x23b8ee876a18e5a5"}
1788069395.458 {"pass":51,"played":94,"failed":0,"duration_ms":8100,"hash":"0x23b8ee876a18e5a5"}
1788069403.793 {"pass":52,"played":94,"failed":0,"duration_ms":8100,"hash":"0x23b8ee876a18e5a5"}
1788069412.144 {"pass":53,"played":94,"failed":0,"duration_ms":8100,"hash":"0x23b8ee876a18e5a5"}
1788069420.511 {"pass":54,"played":94,"failed":0,"duration_ms":8100,"hash":"0x23b8ee876a18e5a5"}
1788069428.850 {"pass":55,"played":94,"failed":0,"duration_ms":8100,"hash":"0x23b8ee876a18e5a5"}
1788069437.210 {"pass":56,"played":94,"failed":0,"duration_ms":8100,"hash":"0x23b8ee876a18e5a5"}
1788069445.582 {"pass":57,"played":94,"failed":0,"duration_ms":8100,"hash":"0x23b8ee876a18e5a5"}
1788069453.921 {"pass":58,"played":94,"failed":0,"duration_ms":8100,"hash":"0x23b8ee876a18e5a5"}
1788069462.291 {"pass":59,"played":94,"failed":0,"duration_ms":8100,"hash":"0x23b8ee876a18e5a5"}
1788069470.694 {"pass":60,"played":94,"failed":0,"duration_ms":8100,"hash":"0x23b8ee876a18e5a5"}
1788069479.050 {"pass":61,"played":94,"failed":0,"duration_ms":8100,"hash":"0x23b8ee876a18e5a5"}
1788069487.567 {"pass":62,"played":94,"failed":0,"duration_ms":8100,"hash":"0x23b8ee876a18e5a5"}
1788069496.329 {"pass":63,"played":94,"failed":0,"duration_ms":8100,"hash":"0x23b8ee876a18e5a5"}
1788069504.803 {"pass":64,"played":94,"failed":0,"duration_ms":8100,"hash":"0x23b8ee876a18e5a5"}
1788069513.213 {"pass":65,"played":94,"failed":0,"duration_ms":8100,"hash":"0x23b8ee876a18e5a5"}
1788069522.081 {"pass":66,"played":94,"failed":0,"duration_ms":8100,"hash":"0x23b8ee876a18e5a5"}
1788069530.485 {"pass":67,"played":94,"failed":0,"duration_ms":8100,"hash":"0x23b8ee876a18e5a5"}
1788069539.063 {"pass":68,"played":94,"failed":0,"duration_ms":8100,"hash":"0x23b8ee876a18e5a5"}
1788069547.491 {"pass":69,"played":94,"failed":0,"duration_ms":8100,"hash":"0x23b8ee876a18e5a5"}
1788069556.077 {"pass":70,"played":94,"failed":0,"duration_ms":8100,"hash":"0x23b8ee876a18e5a5"}
1788069564.481 {"pass":71,"played":94,"failed":0,"duration_ms":8100,"hash":"0x23b8ee876a18e5a5"}
1788069572.935 {"pass":72,"played":94,"failed":0,"duration_ms":8100,"hash":"0x23b8ee876a18e5a5"}
1788069581.940 {"pass":73,"played":94,"failed":0,"duration_ms":8100,"hash":"0x23b8ee876a18e5a5"}
1788069590.679 {"pass":74,"played":94,"failed":0,"duration_ms":8100,"hash":"0x23b8ee876a18e5a5"}
1788069599.196 {"pass":75,"played":94,"failed":0,"duration_ms":8100,"hash":"0x23b8ee876a18e5a5"}
1788069607.707 {"pass":76,"played":94,"failed":0,"duration_ms":8100,"hash":"0x23b8ee876a18e5a5"}
1788069616.202 {"pass":77,"played":94,"failed":0,"duration_ms":8100,"hash":"0x23b8ee876a18e5a5"}
1788069624.849 {"pass":78,"played":94,"failed":0,"duration_ms":8100,"hash":"0x23b8ee876a18e5a5"}
1788069633.150 {"pass":79,"played":94,"failed":0,"duration_ms":8100,"hash":"0x23b8ee876a18e5a5"}
1788069641.467 {"pass":80,"played":94,"failed":0,"duration_ms":8100,"hash":"0x23b8ee876a18e5a5"}
1788069649.805 {"pass":81,"played":1,"failed":93,"duration_ms":8100,"hash":"0x23b8ee876a18e5a5"}
1788069649.806 BURN-IN ABORT: 93 failed frames on pass 81
